
> contract-app@0.1.0 build
> next build

  Γû▓ Next.js 14.2.35
  - Environments: .env

   Creating an optimized production build ...
 Γ£ô Compiled successfully
   Skipping validation of types
   Skipping linting
   Collecting page data ...
   Generating static pages (0/76) ...
   Generating static pages (19/76) 
   Generating static pages (38/76) 
   Generating static pages (57/76) 
 Γ£ô Generating static pages (76/76)
   Finalizing page optimization ...
   Collecting build traces ...

Route (app)                              Size     First Load JS
Γöî ╞Æ /                                    148 B          88.4 kB
Γö£ ╞Æ /_not-found                          880 B          89.1 kB
Γö£ ╞Æ /api/auth/[...nextauth]              0 B                0 B
Γö£ ╞Æ /api/email/click                     0 B                0 B
Γö£ ╞Æ /api/email/track                     0 B                0 B
Γö£ ╞Æ /api/files/[...path]                 0 B                0 B
Γö£ ╞Æ /api/fix-tasks                       0 B                0 B
Γö£ ╞Æ /api/leads/submit                    0 B                0 B
Γö£ Γùï /api/push/public-key                 0 B                0 B
Γö£ ╞Æ /api/push/subscribe                  0 B                0 B
Γö£ ╞Æ /api/upload                          0 B                0 B
Γö£ ╞Æ /api/users/2fa/disable               0 B                0 B
Γö£ ╞Æ /api/users/2fa/generate              0 B                0 B
Γö£ ╞Æ /api/users/2fa/verify                0 B                0 B
Γö£ ╞Æ /api/users/avatar                    0 B                0 B
Γö£ ╞Æ /api/users/heartbeat                 0 B                0 B
Γö£ ╞Æ /api/users/online                    0 B                0 B
Γö£ ╞Æ /appendix-templates                  8.19 kB         103 kB
Γö£ ╞Æ /contract-appendices                 4.07 kB         108 kB
Γö£ ╞Æ /contract-appendices/[id]            2.2 kB          122 kB
Γö£ ╞Æ /contract-appendices/new             6.05 kB        99.9 kB
Γö£ ╞Æ /contracts                           7.54 kB         121 kB
Γö£ ╞Æ /contracts/[id]                      5.76 kB         126 kB
Γö£ ╞Æ /contracts/new                       2.52 kB        96.4 kB
Γö£ ╞Æ /customers                           7.28 kB         121 kB
Γö£ ╞Æ /customers/[id]                      21.3 kB         449 kB
Γö£ ╞Æ /dashboard                           24.3 kB         274 kB
Γö£ ╞Æ /dispatch-templates                  2.25 kB         404 kB
Γö£ ╞Æ /dispatches                          4.17 kB         118 kB
Γö£ ╞Æ /dispatches/[id]                     3.84 kB         124 kB
Γö£ ╞Æ /dispatches/[id]/edit                3.73 kB        97.6 kB
Γö£ ╞Æ /dispatches/new                      3.67 kB        97.5 kB
Γö£ ╞Æ /email-config                        4.12 kB        92.4 kB
Γö£ ╞Æ /email-templates                     3.76 kB         101 kB
Γö£ ╞Æ /email-templates/[id]                149 B           104 kB
Γö£ ╞Æ /email-templates/new                 149 B           104 kB
Γö£ ╞Æ /f/[id]                              148 B          88.4 kB
Γö£ ╞Æ /forgot-password                     2.65 kB         100 kB
Γö£ ╞Æ /handover-templates                  2.76 kB         404 kB
Γö£ ╞Æ /handovers                           8.15 kB         122 kB
Γö£ ╞Æ /handovers/[id]                      2.2 kB          122 kB
Γö£ ╞Æ /handovers/new                       2.53 kB        96.4 kB
Γö£ ╞Æ /hr/approvals                        15 kB           371 kB
Γö£ ╞Æ /hr/attendance                       2.25 kB         229 kB
Γö£ ╞Æ /hr/employees                        6.17 kB        94.4 kB
Γö£ ╞Æ /hr/monitoring                       4.87 kB        93.1 kB
Γö£ ╞Æ /hr/payroll                          4.17 kB        92.4 kB
Γö£ ╞Æ /hr/recruitment/pipeline             6.8 kB         95.1 kB
Γö£ ╞Æ /hr/recruitment/postings             6.19 kB        94.5 kB
Γö£ ╞Æ /hr/recruitment/requisitions         5.17 kB        93.4 kB
Γö£ ╞Æ /inventory/adjustments               3.91 kB         102 kB
Γö£ ╞Æ /inventory/products                  5.94 kB         204 kB
Γö£ ╞Æ /inventory/reports                   8.2 kB          357 kB
Γö£ ╞Æ /inventory/transactions              4.96 kB         232 kB
Γö£ ╞Æ /inventory/transactions/[id]         49.7 kB         416 kB
Γö£ ╞Æ /inventory/transactions/new          3.52 kB         102 kB
Γö£ ╞Æ /inventory/warehouses                1.96 kB        93.3 kB
Γö£ ╞Æ /leave-requests                      4.92 kB        93.2 kB
Γö£ ╞Æ /library                             3.19 kB         105 kB
Γö£ ╞Æ /library/document/[id]               3.86 kB         112 kB
Γö£ ╞Æ /login                               3.5 kB          111 kB
Γö£ ╞Æ /my-attendance                       1.65 kB        89.9 kB
Γö£ ╞Æ /payment-request-templates           2.97 kB         405 kB
Γö£ ╞Æ /payment-requests                    8.15 kB         122 kB
Γö£ ╞Æ /payment-requests/[id]               2.2 kB          122 kB
Γö£ ╞Æ /payment-requests/new                2.54 kB        96.4 kB
Γö£ ╞Æ /print/sales/estimate/[id]           9.23 kB         104 kB
Γö£ ╞Æ /print/sales/invoice/[id]            9.21 kB         104 kB
Γö£ ╞Æ /print/sales/order/[id]              9.11 kB         104 kB
Γö£ ╞Æ /profile                             12.8 kB         126 kB
Γö£ ╞Æ /projects                            8.06 kB         122 kB
Γö£ ╞Æ /projects/[id]                       8.25 kB         137 kB
Γö£ ╞Æ /public/contract-appendices/[id]     1.68 kB        89.9 kB
Γö£ ╞Æ /public/contracts/[id]               1.68 kB        89.9 kB
Γö£ ╞Æ /public/dispatches/[id]              1.68 kB        89.9 kB
Γö£ ╞Æ /public/document/[id]                1.59 kB        89.9 kB
Γö£ ╞Æ /public/handovers/[id]               1.68 kB        89.9 kB
Γö£ ╞Æ /public/payment-requests/[id]        1.68 kB        89.9 kB
Γö£ ╞Æ /public/purchasing/bills/[id]        1.68 kB        89.9 kB
Γö£ ╞Æ /public/purchasing/orders/[id]       1.68 kB        89.9 kB
Γö£ ╞Æ /public/purchasing/payments/[id]     1.68 kB        89.9 kB
Γö£ ╞Æ /public/quotes/[id]                  1.68 kB        89.9 kB
Γö£ ╞Æ /public/sales/estimate/[id]          139 B          92.2 kB
Γö£ ╞Æ /public/sales/invoice/[id]           139 B          92.2 kB
Γö£ ╞Æ /public/sales/order/[id]             139 B          92.2 kB
Γö£ ╞Æ /public/sales/payments/[id]          1.68 kB        89.9 kB
Γö£ ╞Æ /purchasing/bills                    13.4 kB         111 kB
Γö£ ╞Æ /purchasing/bills/[id]               8.88 kB         399 kB
Γö£ ╞Æ /purchasing/orders                   10.5 kB         114 kB
Γö£ ╞Æ /purchasing/orders/[id]              8.49 kB         133 kB
Γö£ ╞Æ /purchasing/payments                 10.1 kB         114 kB
Γö£ ╞Æ /purchasing/payments/[id]            6.78 kB         397 kB
Γö£ ╞Æ /purchasing/reports                  9.14 kB         379 kB
Γö£ ╞Æ /quote-templates                     2.76 kB         404 kB
Γö£ ╞Æ /quotes                              10.4 kB         124 kB
Γö£ ╞Æ /quotes/[id]                         2.2 kB          122 kB
Γö£ ╞Æ /quotes/new                          2.64 kB        96.5 kB
Γö£ ╞Æ /reset-password                      2.99 kB         100 kB
Γö£ ╞Æ /sales/estimates                     12.1 kB         121 kB
Γö£ ╞Æ /sales/estimates/[id]                13.5 kB         142 kB
Γö£ ╞Æ /sales/expenses                      9.3 kB          113 kB
Γö£ ╞Æ /sales/expenses/[id]                 5.68 kB         119 kB
Γö£ ╞Æ /sales/invoices                      12 kB           120 kB
Γö£ ╞Æ /sales/invoices/[id]                 17.4 kB         417 kB
Γö£ ╞Æ /sales/leads                         9.06 kB         113 kB
Γö£ ╞Æ /sales/leads/[id]                    19.7 kB         418 kB
Γö£ ╞Æ /sales/leads/[id]/edit               143 B           104 kB
Γö£ ╞Æ /sales/leads/new                     143 B           104 kB
Γö£ ╞Æ /sales/orders                        8.72 kB         117 kB
Γö£ ╞Æ /sales/orders/[id]                   9.66 kB         134 kB
Γö£ ╞Æ /sales/payments                      8.66 kB         112 kB
Γö£ ╞Æ /sales/payments/[id]                 10.3 kB         405 kB
Γö£ ╞Æ /sales/reports                       10.7 kB         381 kB
Γö£ ╞Æ /settings                            6.04 kB        94.3 kB
Γö£ ╞Æ /settings/lead-forms                 4.8 kB         93.1 kB
Γö£ ╞Æ /suppliers                           7.25 kB         105 kB
Γö£ ╞Æ /suppliers/[id]                      11.4 kB         132 kB
Γö£ ╞Æ /tasks                               1.3 kB          127 kB
Γö£ ╞Æ /tasks/[id]                          17.7 kB         409 kB
Γö£ ╞Æ /templates                           2.33 kB         414 kB
Γö£ ╞Æ /users                               4.68 kB        92.9 kB
Γöö ╞Æ /users/roles                         4.69 kB          93 kB
+ First Load JS shared by all            88.3 kB
  Γö£ chunks/8966-c1dcf92eac6c6430.js      31.9 kB
  Γö£ chunks/fd9d1056-5528b707a3de9c43.js  53.6 kB
  Γöö other shared chunks (total)          2.73 kB


╞Æ Middleware                             49.4 kB

Γùï  (Static)   prerendered as static content
╞Æ  (Dynamic)  server-rendered on demand

