app/library/document/[id]/page.tsx(10,36): error TS2307: Cannot find module '../MoveDocumentButton' or its corresponding type declarations.
