node.exe : Failed to 
  ed: (Failed to com   
  andError
Error: Failed to read 
Module not found: 
Module not found: 
Module not found: 
Module not found: 