lib/utils/cn.ts(2,25): error TS2307: Cannot find module 'tailwind-merge' or its corresponding type declarations.
prisma/seed.ts(35,63): error TS2345: Argument of type '"VIEW"' is not assignable to parameter of type '"VIEW_ALL" | "VIEW_OWN" | "CREATE" | "EDIT" | "DELETE"'.
prisma/seed.ts(43,60): error TS2345: Argument of type '"VIEW"' is not assignable to parameter of type '"VIEW_ALL" | "VIEW_OWN" | "CREATE" | "EDIT" | "DELETE"'.
scripts/update-roles.ts(17,63): error TS2345: Argument of type '"VIEW"' is not assignable to parameter of type '"VIEW_ALL" | "VIEW_OWN" | "CREATE" | "EDIT" | "DELETE"'.
scripts/update-roles.ts(25,60): error TS2345: Argument of type '"VIEW"' is not assignable to parameter of type '"VIEW_ALL" | "VIEW_OWN" | "CREATE" | "EDIT" | "DELETE"'.
