app/contracts/[id]/page.tsx(16,9): error TS2322: Type '{ OR: ({ [x: string]: string; managers?: undefined; } | { managers: { some: { id: string; }; }; })[]; id: string; } | { OR?: undefined; id: string; } | { id: string; OR?: undefined; }' is not assignable to type 'ContractWhereInput | undefined'.
  Type '{ OR: ({ [x: string]: string; managers?: undefined; } | { managers: { some: { id: string; }; }; })[]; id: string; }' is not assignable to type 'ContractWhereInput'.
    Types of property 'OR' are incompatible.
      Type '({ [x: string]: string; managers?: undefined; } | { managers: { some: { id: string; }; }; })[]' is not assignable to type 'ContractWhereInput[]'.
        Type '{ [x: string]: string; managers?: undefined; } | { managers: { some: { id: string; }; }; }' is not assignable to type 'ContractWhereInput'.
          Type '{ [x: string]: string; managers?: undefined; }' has no properties in common with type 'ContractWhereInput'.
app/contracts/page.tsx(19,9): error TS2322: Type '{ OR: ({ [x: string]: string; managers?: undefined; } | { managers: { some: { id: string; }; }; })[]; id?: undefined; } | { [x: string]: string; OR?: undefined; id?: undefined; } | { id: string; OR?: undefined; }' is not assignable to type 'ContractWhereInput | undefined'.
  Type '{ OR: ({ [creatorField]: string; managers?: undefined; } | { managers: { some: { id: string; }; }; })[]; id?: undefined; }' is not assignable to type 'ContractWhereInput'.
    Types of property 'OR' are incompatible.
      Type '({ [x: string]: string; managers?: undefined; } | { managers: { some: { id: string; }; }; })[]' is not assignable to type 'ContractWhereInput[]'.
        Type '{ [x: string]: string; managers?: undefined; } | { managers: { some: { id: string; }; }; }' is not assignable to type 'ContractWhereInput'.
          Type '{ [x: string]: string; managers?: undefined; }' has no properties in common with type 'ContractWhereInput'.
app/contracts/page.tsx(32,38): error TS2322: Type '{ id: string; creatorId: string | null; createdAt: Date; updatedAt: Date; status: string; customerId: string; title: string; content: string; variables: string; templateId: string; }[]' is not assignable to type 'ContractWithRelations[]'.
  Type '{ id: string; creatorId: string | null; createdAt: Date; updatedAt: Date; status: string; customerId: string; title: string; content: string; variables: string; templateId: string; }' is not assignable to type 'ContractWithRelations'.
    Type '{ id: string; creatorId: string | null; createdAt: Date; updatedAt: Date; status: string; customerId: string; title: string; content: string; variables: string; templateId: string; }' is missing the following properties from type '{ customer: { id: string; name: string; email: string | null; phone: string | null; address: string | null; taxCode: string | null; totalDebt: number; createdAt: Date; updatedAt: Date; }; template: { ...; }; }': customer, template
app/handovers/[id]/page.tsx(18,9): error TS2322: Type '{ OR: ({ [x: string]: string; managers?: undefined; } | { managers: { some: { id: string; }; }; })[]; id: string; } | { OR?: undefined; id: string; } | { id: string; OR?: undefined; }' is not assignable to type 'HandoverWhereInput | undefined'.
  Type '{ OR: ({ [x: string]: string; managers?: undefined; } | { managers: { some: { id: string; }; }; })[]; id: string; }' is not assignable to type 'HandoverWhereInput'.
    Types of property 'OR' are incompatible.
      Type '({ [x: string]: string; managers?: undefined; } | { managers: { some: { id: string; }; }; })[]' is not assignable to type 'HandoverWhereInput[]'.
        Type '{ [x: string]: string; managers?: undefined; } | { managers: { some: { id: string; }; }; }' is not assignable to type 'HandoverWhereInput'.
          Type '{ [x: string]: string; managers?: undefined; }' has no properties in common with type 'HandoverWhereInput'.
app/payment-requests/[id]/page.tsx(18,9): error TS2322: Type '{ OR: ({ [x: string]: string; managers?: undefined; } | { managers: { some: { id: string; }; }; })[]; id: string; } | { OR?: undefined; id: string; } | { id: string; OR?: undefined; }' is not assignable to type 'PaymentRequestWhereInput | undefined'.
  Type '{ OR: ({ [x: string]: string; managers?: undefined; } | { managers: { some: { id: string; }; }; })[]; id: string; }' is not assignable to type 'PaymentRequestWhereInput'.
    Types of property 'OR' are incompatible.
      Type '({ [x: string]: string; managers?: undefined; } | { managers: { some: { id: string; }; }; })[]' is not assignable to type 'PaymentRequestWhereInput[]'.
        Type '{ [x: string]: string; managers?: undefined; } | { managers: { some: { id: string; }; }; }' is not assignable to type 'PaymentRequestWhereInput'.
          Type '{ [x: string]: string; managers?: undefined; }' has no properties in common with type 'PaymentRequestWhereInput'.
app/purchasing/actions.ts(141,9): error TS2322: Type '{ OR: ({ [x: string]: string; managers?: undefined; } | { managers: { some: { id: string; }; }; })[]; id?: undefined; } | { [x: string]: string; OR?: undefined; id?: undefined; } | { id: string; OR?: undefined; }' is not assignable to type 'PurchaseOrderWhereInput | undefined'.
  Type '{ OR: ({ [creatorField]: string; managers?: undefined; } | { managers: { some: { id: string; }; }; })[]; id?: undefined; }' is not assignable to type 'PurchaseOrderWhereInput'.
    Types of property 'OR' are incompatible.
      Type '({ [x: string]: string; managers?: undefined; } | { managers: { some: { id: string; }; }; })[]' is not assignable to type 'PurchaseOrderWhereInput[]'.
        Type '{ [x: string]: string; managers?: undefined; } | { managers: { some: { id: string; }; }; }' is not assignable to type 'PurchaseOrderWhereInput'.
          Type '{ [x: string]: string; managers?: undefined; }' has no properties in common with type 'PurchaseOrderWhereInput'.
app/purchasing/actions.ts(280,9): error TS2322: Type '{ OR: ({ [x: string]: string; managers?: undefined; } | { managers: { some: { id: string; }; }; })[]; id?: undefined; } | { [x: string]: string; OR?: undefined; id?: undefined; } | { id: string; OR?: undefined; }' is not assignable to type 'PurchaseBillWhereInput | undefined'.
  Type '{ OR: ({ [creatorField]: string; managers?: undefined; } | { managers: { some: { id: string; }; }; })[]; id?: undefined; }' is not assignable to type 'PurchaseBillWhereInput'.
    Types of property 'OR' are incompatible.
      Type '({ [x: string]: string; managers?: undefined; } | { managers: { some: { id: string; }; }; })[]' is not assignable to type 'PurchaseBillWhereInput[]'.
        Type '{ [x: string]: string; managers?: undefined; } | { managers: { some: { id: string; }; }; }' is not assignable to type 'PurchaseBillWhereInput'.
          Type '{ [x: string]: string; managers?: undefined; }' has no properties in common with type 'PurchaseBillWhereInput'.
app/purchasing/actions.ts(584,9): error TS2322: Type '{ OR: ({ [x: string]: string; managers?: undefined; } | { managers: { some: { id: string; }; }; })[]; id?: undefined; } | { [x: string]: string; OR?: undefined; id?: undefined; } | { id: string; OR?: undefined; }' is not assignable to type 'PurchasePaymentWhereInput | undefined'.
  Type '{ OR: ({ [creatorField]: string; managers?: undefined; } | { managers: { some: { id: string; }; }; })[]; id?: undefined; }' is not assignable to type 'PurchasePaymentWhereInput'.
    Types of property 'OR' are incompatible.
      Type '({ [x: string]: string; managers?: undefined; } | { managers: { some: { id: string; }; }; })[]' is not assignable to type 'PurchasePaymentWhereInput[]'.
        Type '{ [x: string]: string; managers?: undefined; } | { managers: { some: { id: string; }; }; }' is not assignable to type 'PurchasePaymentWhereInput'.
          Type '{ [x: string]: string; managers?: undefined; }' has no properties in common with type 'PurchasePaymentWhereInput'.
app/purchasing/bills/[id]/page.tsx(17,9): error TS2322: Type '{ OR: ({ [x: string]: string; managers?: undefined; } | { managers: { some: { id: string; }; }; })[]; id: string; } | { OR?: undefined; id: string; } | { id: string; OR?: undefined; }' is not assignable to type 'PurchaseBillWhereInput | undefined'.
  Type '{ OR: ({ [x: string]: string; managers?: undefined; } | { managers: { some: { id: string; }; }; })[]; id: string; }' is not assignable to type 'PurchaseBillWhereInput'.
    Types of property 'OR' are incompatible.
      Type '({ [x: string]: string; managers?: undefined; } | { managers: { some: { id: string; }; }; })[]' is not assignable to type 'PurchaseBillWhereInput[]'.
        Type '{ [x: string]: string; managers?: undefined; } | { managers: { some: { id: string; }; }; }' is not assignable to type 'PurchaseBillWhereInput'.
          Type '{ [x: string]: string; managers?: undefined; }' has no properties in common with type 'PurchaseBillWhereInput'.
app/purchasing/orders/[id]/page.tsx(18,9): error TS2322: Type '{ OR: ({ [x: string]: string; managers?: undefined; } | { managers: { some: { id: string; }; }; })[]; id: string; } | { OR?: undefined; id: string; } | { id: string; OR?: undefined; }' is not assignable to type 'PurchaseOrderWhereInput | undefined'.
  Type '{ OR: ({ [x: string]: string; managers?: undefined; } | { managers: { some: { id: string; }; }; })[]; id: string; }' is not assignable to type 'PurchaseOrderWhereInput'.
    Types of property 'OR' are incompatible.
      Type '({ [x: string]: string; managers?: undefined; } | { managers: { some: { id: string; }; }; })[]' is not assignable to type 'PurchaseOrderWhereInput[]'.
        Type '{ [x: string]: string; managers?: undefined; } | { managers: { some: { id: string; }; }; }' is not assignable to type 'PurchaseOrderWhereInput'.
          Type '{ [x: string]: string; managers?: undefined; }' has no properties in common with type 'PurchaseOrderWhereInput'.
app/purchasing/payments/[id]/page.tsx(17,9): error TS2322: Type '{ OR: ({ [x: string]: string; managers?: undefined; } | { managers: { some: { id: string; }; }; })[]; id: string; } | { OR?: undefined; id: string; } | { id: string; OR?: undefined; }' is not assignable to type 'PurchasePaymentWhereInput | undefined'.
  Type '{ OR: ({ [x: string]: string; managers?: undefined; } | { managers: { some: { id: string; }; }; })[]; id: string; }' is not assignable to type 'PurchasePaymentWhereInput'.
    Types of property 'OR' are incompatible.
      Type '({ [x: string]: string; managers?: undefined; } | { managers: { some: { id: string; }; }; })[]' is not assignable to type 'PurchasePaymentWhereInput[]'.
        Type '{ [x: string]: string; managers?: undefined; } | { managers: { some: { id: string; }; }; }' is not assignable to type 'PurchasePaymentWhereInput'.
          Type '{ [x: string]: string; managers?: undefined; }' has no properties in common with type 'PurchasePaymentWhereInput'.
app/quotes/[id]/page.tsx(17,9): error TS2322: Type '{ OR: ({ [x: string]: string; managers?: undefined; } | { managers: { some: { id: string; }; }; })[]; id: string; } | { OR?: undefined; id: string; } | { id: string; OR?: undefined; }' is not assignable to type 'QuoteWhereInput | undefined'.
  Type '{ OR: ({ [x: string]: string; managers?: undefined; } | { managers: { some: { id: string; }; }; })[]; id: string; }' is not assignable to type 'QuoteWhereInput'.
    Types of property 'OR' are incompatible.
      Type '({ [x: string]: string; managers?: undefined; } | { managers: { some: { id: string; }; }; })[]' is not assignable to type 'QuoteWhereInput[]'.
        Type '{ [x: string]: string; managers?: undefined; } | { managers: { some: { id: string; }; }; }' is not assignable to type 'QuoteWhereInput'.
          Type '{ [x: string]: string; managers?: undefined; }' has no properties in common with type 'QuoteWhereInput'.
app/sales/expenses/page.tsx(39,17): error TS2322: Type '{ id: string; creatorId: string; createdAt: Date; updatedAt: Date; code: string; date: Date; status: string; customerId: string | null; attachment: string | null; description: string; ... 5 more ...; categoryId: string; }[]' is not assignable to type 'ExpenseWithDetails[]'.
  Type '{ id: string; creatorId: string; createdAt: Date; updatedAt: Date; code: string; date: Date; status: string; customerId: string | null; attachment: string | null; description: string; ... 5 more ...; categoryId: string; }' is not assignable to type 'ExpenseWithDetails'.
    Type '{ id: string; creatorId: string; createdAt: Date; updatedAt: Date; code: string; date: Date; status: string; customerId: string | null; attachment: string | null; description: string; ... 5 more ...; categoryId: string; }' is missing the following properties from type '{ category: { id: string; name: string; createdAt: Date; updatedAt: Date; description: string | null; }; supplier?: { id: string; name: string; } | null | undefined; customer?: { id: string; name: string; } | null | undefined; creator: { ...; }; }': category, creator
app/sales/expenses/page.tsx(56,13): error TS2322: Type '{ OR: ({ [x: string]: string; managers?: undefined; } | { managers: { some: { id: string; }; }; })[]; id?: undefined; } | { [x: string]: string; OR?: undefined; id?: undefined; } | { id: string; OR?: undefined; }' is not assignable to type 'ExpenseWhereInput | undefined'.
  Type '{ OR: ({ [creatorField]: string; managers?: undefined; } | { managers: { some: { id: string; }; }; })[]; id?: undefined; }' is not assignable to type 'ExpenseWhereInput'.
    Types of property 'OR' are incompatible.
      Type '({ [x: string]: string; managers?: undefined; } | { managers: { some: { id: string; }; }; })[]' is not assignable to type 'ExpenseWhereInput[]'.
        Type '{ [x: string]: string; managers?: undefined; } | { managers: { some: { id: string; }; }; }' is not assignable to type 'ExpenseWhereInput'.
          Type '{ [x: string]: string; managers?: undefined; }' has no properties in common with type 'ExpenseWhereInput'.
app/sales/payments/actions.ts(27,9): error TS2322: Type '{ OR: ({ [x: string]: string; managers?: undefined; } | { managers: { some: { id: string; }; }; })[]; id?: undefined; } | { [x: string]: string; OR?: undefined; id?: undefined; } | { id: string; OR?: undefined; }' is not assignable to type 'SalesPaymentWhereInput | undefined'.
  Type '{ OR: ({ [creatorField]: string; managers?: undefined; } | { managers: { some: { id: string; }; }; })[]; id?: undefined; }' is not assignable to type 'SalesPaymentWhereInput'.
    Types of property 'OR' are incompatible.
      Type '({ [x: string]: string; managers?: undefined; } | { managers: { some: { id: string; }; }; })[]' is not assignable to type 'SalesPaymentWhereInput[]'.
        Type '{ [x: string]: string; managers?: undefined; } | { managers: { some: { id: string; }; }; }' is not assignable to type 'SalesPaymentWhereInput'.
          Type '{ [x: string]: string; managers?: undefined; }' has no properties in common with type 'SalesPaymentWhereInput'.
app/suppliers/[id]/page.tsx(23,9): error TS2322: Type '{ OR: ({ [x: string]: string; managers?: undefined; } | { managers: { some: { id: string; }; }; })[]; id: string; } | { OR?: undefined; id: string; } | { id: string; OR?: undefined; }' is not assignable to type 'SupplierWhereInput | undefined'.
  Type '{ OR: ({ [x: string]: string; managers?: undefined; } | { managers: { some: { id: string; }; }; })[]; id: string; }' is not assignable to type 'SupplierWhereInput'.
    Types of property 'OR' are incompatible.
      Type '({ [x: string]: string; managers?: undefined; } | { managers: { some: { id: string; }; }; })[]' is not assignable to type 'SupplierWhereInput[]'.
        Type '{ [x: string]: string; managers?: undefined; } | { managers: { some: { id: string; }; }; }' is not assignable to type 'SupplierWhereInput'.
          Type '{ [x: string]: string; managers?: undefined; }' has no properties in common with type 'SupplierWhereInput'.
lib/utils/cn.ts(2,25): error TS2307: Cannot find module 'tailwind-merge' or its corresponding type declarations.
prisma/seed.ts(35,63): error TS2345: Argument of type '"VIEW"' is not assignable to parameter of type '"VIEW_ALL" | "VIEW_OWN" | "CREATE" | "EDIT" | "DELETE"'.
prisma/seed.ts(43,60): error TS2345: Argument of type '"VIEW"' is not assignable to parameter of type '"VIEW_ALL" | "VIEW_OWN" | "CREATE" | "EDIT" | "DELETE"'.
scripts/update-roles.ts(17,63): error TS2345: Argument of type '"VIEW"' is not assignable to parameter of type '"VIEW_ALL" | "VIEW_OWN" | "CREATE" | "EDIT" | "DELETE"'.
scripts/update-roles.ts(25,60): error TS2345: Argument of type '"VIEW"' is not assignable to parameter of type '"VIEW_ALL" | "VIEW_OWN" | "CREATE" | "EDIT" | "DELETE"'.
