app/tasks/actions.ts(2,28): error TS2307: Cannot find module '@/lib/utils/formatters' or its corresponding type declarations.
app/tasks/actions.ts(3,24): error TS2307: Cannot find module '@/lib/prisma' or its corresponding type declarations.
app/tasks/actions.ts(5,39): error TS2307: Cannot find module '@/lib/mailer' or its corresponding type declarations.
app/tasks/actions.ts(7,29): error TS2307: Cannot find module '@/lib/authOptions' or its corresponding type declarations.
app/tasks/actions.ts(8,41): error TS2307: Cannot find module '@/app/notifications/actions' or its corresponding type declarations.
app/tasks/actions.ts(180,55): error TS2307: Cannot find module '@/app/email-templates/actions' or its corresponding type declarations.
app/tasks/actions.ts(606,42): error TS2307: Cannot find module '@/lib/authOptions' or its corresponding type declarations.
app/tasks/actions.ts(607,46): error TS2307: Cannot find module '@/lib/permissions' or its corresponding type declarations.
app/tasks/actions.ts(610,30): error TS2339: Property 'user' does not exist on type 'unknown'.
app/tasks/actions.ts(610,47): error TS2339: Property 'user' does not exist on type 'unknown'.
app/tasks/actions.ts(611,28): error TS2339: Property 'user' does not exist on type 'unknown'.
app/tasks/actions.ts(612,28): error TS2339: Property 'user' does not exist on type 'unknown'.
app/tasks/actions.ts(616,37): error TS2307: Cannot find module '@/lib/permissions' or its corresponding type declarations.
